::group::install
* installing to library ‘/home/runner/work/_temp/Library’
* installing *source* package ‘duckdb.dev’ ...
** this is package ‘duckdb.dev’ version ‘2.0.99.9000.77’
** using staged installation
+ dirname ./configure
+ cd .
+ [ -z  ]
+ Rscript tools/setup-makeflags.R
+ makeflags_value=-j4
+ makeflags_digits=4
+ [ -n -j4 ]
+ export MAKEFLAGS=-j4
+ echo Setting MAKEFLAGS=-j4 for parallel compilation
Setting MAKEFLAGS=-j4 for parallel compilation
+ echo Set NOT_CRAN or MAKEFLAGS to override
Set NOT_CRAN or MAKEFLAGS to override
+ dirname ./configure
+ PKG_ROOT=.
+ cd ./src
+ echo DUCKDB_RSTRTMGR=1
+ echo DUCKDB_RSTRTMGR_LIB=
+ rm -f Makevars.system-lib
+ [  = 1 ]
+ [  = true ]
+ [ -f  ]
+ cp include/to-tar.mk Makevars.duckdb
+ [ -f duckdb.tar.xz ]
** libs
specified C++17
using C++ compiler: ‘g++ (Ubuntu 15.2.0-16ubuntu1) 15.2.0’
using C++17
ccache-g++ -std=gnu++17 -I"/opt/R/4.6.1/lib/R/include" -DNDEBUG -Iinclude -Ivendor -DDUCKDB_DISABLE_PRINT -DDUCKDB_R_BUILD -DBROTLI_ENCODER_CLEANUP_ON_OOM -DDUCKDB_EXTENSION_AUTOLOAD_DEFAULT -DDUCKDB_RSTRTMGR=1 -Iduckdb/src/include -Iduckdb/third_party/concurrentqueue -Iduckdb/third_party/fast_float -Iduckdb/third_party/fastpforlib -Iduckdb/third_party/fmt/include -Iduckdb/third_party/fsst -Iduckdb/third_party/httplib -Iduckdb/third_party/hyperloglog -Iduckdb/third_party/jaro_winkler -Iduckdb/third_party/jaro_winkler/details -Iduckdb/third_party/lz4 -Iduckdb/third_party/brotli/include -Iduckdb/third_party/brotli/common -Iduckdb/third_party/brotli/dec -Iduckdb/third_party/brotli/enc -Iduckdb/third_party/mbedtls/include -Iduckdb/third_party/mbedtls/library -Iduckdb/third_party/miniz -Iduckdb/third_party/pcg -Iduckdb/third_party/pdqsort -Iduckdb/third_party/re2 -Iduckdb/third_party/ska_sort -Iduckdb/third_party/skiplist -Iduckdb/third_party/tdigest -Iduckdb/third_party/utf8proc -Iduckdb/third_party/utf8proc/include -Iduckdb/third_party/vergesort -Iduckdb/third_party/yyjson/include -Iduckdb/third_party/zstd/include -Iduckdb/third_party/jemalloc/include -Iduckdb/extension/parquet/include -Iduckdb/third_party/parquet -Iduckdb/third_party/thrift -Iduckdb/third_party/lz4 -Iduckdb/third_party/brotli/include -Iduckdb/third_party/brotli/common -Iduckdb/third_party/brotli/dec -Iduckdb/third_party/brotli/enc -Iduckdb/third_party/snappy -Iduckdb/third_party/mbedtls -Iduckdb/third_party/mbedtls/include -Iduckdb/third_party/zstd/include -Iduckdb/extension/core_functions/include -Ivendor -Iduckdb -DDUCKDB_EXTENSION_PARQUET_LINKED -DDUCKDB_BUILD_LIBRARY -DDUCKDB_EXTENSION_CORE_FUNCTIONS_LINKED -DDUCKDB_BUILD_LIBRARY  -I/usr/local/include    -fpic  -g -O2   -c rfuns.cpp -o rfuns.o
ccache-g++ -std=gnu++17 -I"/opt/R/4.6.1/lib/R/include" -DNDEBUG -Iinclude -Ivendor -DDUCKDB_DISABLE_PRINT -DDUCKDB_R_BUILD -DBROTLI_ENCODER_CLEANUP_ON_OOM -DDUCKDB_EXTENSION_AUTOLOAD_DEFAULT -DDUCKDB_RSTRTMGR=1 -Iduckdb/src/include -Iduckdb/third_party/concurrentqueue -Iduckdb/third_party/fast_float -Iduckdb/third_party/fastpforlib -Iduckdb/third_party/fmt/include -Iduckdb/third_party/fsst -Iduckdb/third_party/httplib -Iduckdb/third_party/hyperloglog -Iduckdb/third_party/jaro_winkler -Iduckdb/third_party/jaro_winkler/details -Iduckdb/third_party/lz4 -Iduckdb/third_party/brotli/include -Iduckdb/third_party/brotli/common -Iduckdb/third_party/brotli/dec -Iduckdb/third_party/brotli/enc -Iduckdb/third_party/mbedtls/include -Iduckdb/third_party/mbedtls/library -Iduckdb/third_party/miniz -Iduckdb/third_party/pcg -Iduckdb/third_party/pdqsort -Iduckdb/third_party/re2 -Iduckdb/third_party/ska_sort -Iduckdb/third_party/skiplist -Iduckdb/third_party/tdigest -Iduckdb/third_party/utf8proc -Iduckdb/third_party/utf8proc/include -Iduckdb/third_party/vergesort -Iduckdb/third_party/yyjson/include -Iduckdb/third_party/zstd/include -Iduckdb/third_party/jemalloc/include -Iduckdb/extension/parquet/include -Iduckdb/third_party/parquet -Iduckdb/third_party/thrift -Iduckdb/third_party/lz4 -Iduckdb/third_party/brotli/include -Iduckdb/third_party/brotli/common -Iduckdb/third_party/brotli/dec -Iduckdb/third_party/brotli/enc -Iduckdb/third_party/snappy -Iduckdb/third_party/mbedtls -Iduckdb/third_party/mbedtls/include -Iduckdb/third_party/zstd/include -Iduckdb/extension/core_functions/include -Ivendor -Iduckdb -DDUCKDB_EXTENSION_PARQUET_LINKED -DDUCKDB_BUILD_LIBRARY -DDUCKDB_EXTENSION_CORE_FUNCTIONS_LINKED -DDUCKDB_BUILD_LIBRARY  -I/usr/local/include    -fpic  -g -O2   -c database.cpp -o database.o
ccache-g++ -std=gnu++17 -I"/opt/R/4.6.1/lib/R/include" -DNDEBUG -Iinclude -Ivendor -DDUCKDB_DISABLE_PRINT -DDUCKDB_R_BUILD -DBROTLI_ENCODER_CLEANUP_ON_OOM -DDUCKDB_EXTENSION_AUTOLOAD_DEFAULT -DDUCKDB_RSTRTMGR=1 -Iduckdb/src/include -Iduckdb/third_party/concurrentqueue -Iduckdb/third_party/fast_float -Iduckdb/third_party/fastpforlib -Iduckdb/third_party/fmt/include -Iduckdb/third_party/fsst -Iduckdb/third_party/httplib -Iduckdb/third_party/hyperloglog -Iduckdb/third_party/jaro_winkler -Iduckdb/third_party/jaro_winkler/details -Iduckdb/third_party/lz4 -Iduckdb/third_party/brotli/include -Iduckdb/third_party/brotli/common -Iduckdb/third_party/brotli/dec -Iduckdb/third_party/brotli/enc -Iduckdb/third_party/mbedtls/include -Iduckdb/third_party/mbedtls/library -Iduckdb/third_party/miniz -Iduckdb/third_party/pcg -Iduckdb/third_party/pdqsort -Iduckdb/third_party/re2 -Iduckdb/third_party/ska_sort -Iduckdb/third_party/skiplist -Iduckdb/third_party/tdigest -Iduckdb/third_party/utf8proc -Iduckdb/third_party/utf8proc/include -Iduckdb/third_party/vergesort -Iduckdb/third_party/yyjson/include -Iduckdb/third_party/zstd/include -Iduckdb/third_party/jemalloc/include -Iduckdb/extension/parquet/include -Iduckdb/third_party/parquet -Iduckdb/third_party/thrift -Iduckdb/third_party/lz4 -Iduckdb/third_party/brotli/include -Iduckdb/third_party/brotli/common -Iduckdb/third_party/brotli/dec -Iduckdb/third_party/brotli/enc -Iduckdb/third_party/snappy -Iduckdb/third_party/mbedtls -Iduckdb/third_party/mbedtls/include -Iduckdb/third_party/zstd/include -Iduckdb/extension/core_functions/include -Ivendor -Iduckdb -DDUCKDB_EXTENSION_PARQUET_LINKED -DDUCKDB_BUILD_LIBRARY -DDUCKDB_EXTENSION_CORE_FUNCTIONS_LINKED -DDUCKDB_BUILD_LIBRARY  -I/usr/local/include    -fpic  -g -O2   -c connection.cpp -o connection.o
ccache-g++ -std=gnu++17 -I"/opt/R/4.6.1/lib/R/include" -DNDEBUG -Iinclude -Ivendor -DDUCKDB_DISABLE_PRINT -DDUCKDB_R_BUILD -DBROTLI_ENCODER_CLEANUP_ON_OOM -DDUCKDB_EXTENSION_AUTOLOAD_DEFAULT -DDUCKDB_RSTRTMGR=1 -Iduckdb/src/include -Iduckdb/third_party/concurrentqueue -Iduckdb/third_party/fast_float -Iduckdb/third_party/fastpforlib -Iduckdb/third_party/fmt/include -Iduckdb/third_party/fsst -Iduckdb/third_party/httplib -Iduckdb/third_party/hyperloglog -Iduckdb/third_party/jaro_winkler -Iduckdb/third_party/jaro_winkler/details -Iduckdb/third_party/lz4 -Iduckdb/third_party/brotli/include -Iduckdb/third_party/brotli/common -Iduckdb/third_party/brotli/dec -Iduckdb/third_party/brotli/enc -Iduckdb/third_party/mbedtls/include -Iduckdb/third_party/mbedtls/library -Iduckdb/third_party/miniz -Iduckdb/third_party/pcg -Iduckdb/third_party/pdqsort -Iduckdb/third_party/re2 -Iduckdb/third_party/ska_sort -Iduckdb/third_party/skiplist -Iduckdb/third_party/tdigest -Iduckdb/third_party/utf8proc -Iduckdb/third_party/utf8proc/include -Iduckdb/third_party/vergesort -Iduckdb/third_party/yyjson/include -Iduckdb/third_party/zstd/include -Iduckdb/third_party/jemalloc/include -Iduckdb/extension/parquet/include -Iduckdb/third_party/parquet -Iduckdb/third_party/thrift -Iduckdb/third_party/lz4 -Iduckdb/third_party/brotli/include -Iduckdb/third_party/brotli/common -Iduckdb/third_party/brotli/dec -Iduckdb/third_party/brotli/enc -Iduckdb/third_party/snappy -Iduckdb/third_party/mbedtls -Iduckdb/third_party/mbedtls/include -Iduckdb/third_party/zstd/include -Iduckdb/extension/core_functions/include -Ivendor -Iduckdb -DDUCKDB_EXTENSION_PARQUET_LINKED -DDUCKDB_BUILD_LIBRARY -DDUCKDB_EXTENSION_CORE_FUNCTIONS_LINKED -DDUCKDB_BUILD_LIBRARY  -I/usr/local/include    -fpic  -g -O2   -c statement.cpp -o statement.o
ccache-g++ -std=gnu++17 -I"/opt/R/4.6.1/lib/R/include" -DNDEBUG -Iinclude -Ivendor -DDUCKDB_DISABLE_PRINT -DDUCKDB_R_BUILD -DBROTLI_ENCODER_CLEANUP_ON_OOM -DDUCKDB_EXTENSION_AUTOLOAD_DEFAULT -DDUCKDB_RSTRTMGR=1 -Iduckdb/src/include -Iduckdb/third_party/concurrentqueue -Iduckdb/third_party/fast_float -Iduckdb/third_party/fastpforlib -Iduckdb/third_party/fmt/include -Iduckdb/third_party/fsst -Iduckdb/third_party/httplib -Iduckdb/third_party/hyperloglog -Iduckdb/third_party/jaro_winkler -Iduckdb/third_party/jaro_winkler/details -Iduckdb/third_party/lz4 -Iduckdb/third_party/brotli/include -Iduckdb/third_party/brotli/common -Iduckdb/third_party/brotli/dec -Iduckdb/third_party/brotli/enc -Iduckdb/third_party/mbedtls/include -Iduckdb/third_party/mbedtls/library -Iduckdb/third_party/miniz -Iduckdb/third_party/pcg -Iduckdb/third_party/pdqsort -Iduckdb/third_party/re2 -Iduckdb/third_party/ska_sort -Iduckdb/third_party/skiplist -Iduckdb/third_party/tdigest -Iduckdb/third_party/utf8proc -Iduckdb/third_party/utf8proc/include -Iduckdb/third_party/vergesort -Iduckdb/third_party/yyjson/include -Iduckdb/third_party/zstd/include -Iduckdb/third_party/jemalloc/include -Iduckdb/extension/parquet/include -Iduckdb/third_party/parquet -Iduckdb/third_party/thrift -Iduckdb/third_party/lz4 -Iduckdb/third_party/brotli/include -Iduckdb/third_party/brotli/common -Iduckdb/third_party/brotli/dec -Iduckdb/third_party/brotli/enc -Iduckdb/third_party/snappy -Iduckdb/third_party/mbedtls -Iduckdb/third_party/mbedtls/include -Iduckdb/third_party/zstd/include -Iduckdb/extension/core_functions/include -Ivendor -Iduckdb -DDUCKDB_EXTENSION_PARQUET_LINKED -DDUCKDB_BUILD_LIBRARY -DDUCKDB_EXTENSION_CORE_FUNCTIONS_LINKED -DDUCKDB_BUILD_LIBRARY  -I/usr/local/include    -fpic  -g -O2   -c arrow_export.cpp -o arrow_export.o
ccache-g++ -std=gnu++17 -I"/opt/R/4.6.1/lib/R/include" -DNDEBUG -Iinclude -Ivendor -DDUCKDB_DISABLE_PRINT -DDUCKDB_R_BUILD -DBROTLI_ENCODER_CLEANUP_ON_OOM -DDUCKDB_EXTENSION_AUTOLOAD_DEFAULT -DDUCKDB_RSTRTMGR=1 -Iduckdb/src/include -Iduckdb/third_party/concurrentqueue -Iduckdb/third_party/fast_float -Iduckdb/third_party/fastpforlib -Iduckdb/third_party/fmt/include -Iduckdb/third_party/fsst -Iduckdb/third_party/httplib -Iduckdb/third_party/hyperloglog -Iduckdb/third_party/jaro_winkler -Iduckdb/third_party/jaro_winkler/details -Iduckdb/third_party/lz4 -Iduckdb/third_party/brotli/include -Iduckdb/third_party/brotli/common -Iduckdb/third_party/brotli/dec -Iduckdb/third_party/brotli/enc -Iduckdb/third_party/mbedtls/include -Iduckdb/third_party/mbedtls/library -Iduckdb/third_party/miniz -Iduckdb/third_party/pcg -Iduckdb/third_party/pdqsort -Iduckdb/third_party/re2 -Iduckdb/third_party/ska_sort -Iduckdb/third_party/skiplist -Iduckdb/third_party/tdigest -Iduckdb/third_party/utf8proc -Iduckdb/third_party/utf8proc/include -Iduckdb/third_party/vergesort -Iduckdb/third_party/yyjson/include -Iduckdb/third_party/zstd/include -Iduckdb/third_party/jemalloc/include -Iduckdb/extension/parquet/include -Iduckdb/third_party/parquet -Iduckdb/third_party/thrift -Iduckdb/third_party/lz4 -Iduckdb/third_party/brotli/include -Iduckdb/third_party/brotli/common -Iduckdb/third_party/brotli/dec -Iduckdb/third_party/brotli/enc -Iduckdb/third_party/snappy -Iduckdb/third_party/mbedtls -Iduckdb/third_party/mbedtls/include -Iduckdb/third_party/zstd/include -Iduckdb/extension/core_functions/include -Ivendor -Iduckdb -DDUCKDB_EXTENSION_PARQUET_LINKED -DDUCKDB_BUILD_LIBRARY -DDUCKDB_EXTENSION_CORE_FUNCTIONS_LINKED -DDUCKDB_BUILD_LIBRARY  -I/usr/local/include    -fpic  -g -O2   -c register.cpp -o register.o
arrow_export.cpp: In member function ‘bool duckdb::RArrowArrayStreamWrapper::Invalidated()’:
arrow_export.cpp:116:20: error: ‘duckdb::QueryResultType duckdb::BaseQueryResult::type’ is private within this context
  116 |         if (result.type != QueryResultType::STREAM_RESULT || result.HasError()) {
      |                    ^~~~
In file included from duckdb/src/include/duckdb/common/arrow/result_arrow_wrapper.hpp:11,
                 from arrow_export.cpp:5:
duckdb/src/include/duckdb/main/query_result.hpp:57:25: note: declared private here
   57 |         QueryResultType type;
      |                         ^~~~
make: *** [/opt/R/4.6.1/lib/R/etc/Makeconf:199: arrow_export.o] Error 1
make: *** Waiting for unfinished jobs....
ERROR: compilation failed for package ‘duckdb.dev’
* removing ‘/home/runner/work/_temp/Library/duckdb.dev’
* restoring previous ‘/home/runner/work/_temp/Library/duckdb.dev’
::endgroup::
install: failure -- skipping the remaining gates
| install | failure |
